Archive member included to satisfy reference by file (symbol)

/usr/bin/../lib/gcc/arm-none-eabi/6.3.1/../../../../arm-none-eabi/lib/thumb/v6-m/libc_nano.a(lib_a-exit.o)
                              /usr/bin/../lib/gcc/arm-none-eabi/6.3.1/../../../../arm-none-eabi/lib/thumb/v6-m/crt0.o (exit)
/usr/bin/../lib/gcc/arm-none-eabi/6.3.1/../../../../arm-none-eabi/lib/thumb/v6-m/libc_nano.a(lib_a-impure.o)
                              /usr/bin/../lib/gcc/arm-none-eabi/6.3.1/../../../../arm-none-eabi/lib/thumb/v6-m/libc_nano.a(lib_a-exit.o) (_global_impure_ptr)
/usr/bin/../lib/gcc/arm-none-eabi/6.3.1/../../../../arm-none-eabi/lib/thumb/v6-m/libc_nano.a(lib_a-init.o)
                              /usr/bin/../lib/gcc/arm-none-eabi/6.3.1/../../../../arm-none-eabi/lib/thumb/v6-m/crt0.o (__libc_init_array)
/usr/bin/../lib/gcc/arm-none-eabi/6.3.1/../../../../arm-none-eabi/lib/thumb/v6-m/libc_nano.a(lib_a-memset.o)
                              /usr/bin/../lib/gcc/arm-none-eabi/6.3.1/../../../../arm-none-eabi/lib/thumb/v6-m/crt0.o (memset)
/usr/bin/../lib/gcc/arm-none-eabi/6.3.1/../../../../arm-none-eabi/lib/thumb/v6-m/libnosys.a(_exit.o)
                              /usr/bin/../lib/gcc/arm-none-eabi/6.3.1/../../../../arm-none-eabi/lib/thumb/v6-m/libc_nano.a(lib_a-exit.o) (_exit)
/home/fengz/Mitosis/nrf_sdk11/components/properitary_rf/gzll/gcc/gzll_gcc.a(nrf_gzll.o)
                              _build/main.o (nrf_gzll_enable)
/home/fengz/Mitosis/nrf_sdk11/components/properitary_rf/gzll/gcc/gzll_gcc.a(nrf_impala.o)
                              /home/fengz/Mitosis/nrf_sdk11/components/properitary_rf/gzll/gcc/gzll_gcc.a(nrf_gzll.o) (nrf_impl_disable)
/home/fengz/Mitosis/nrf_sdk11/components/properitary_rf/gzll/gcc/gzll_gcc.a(nrf_link_core.o)
                              /home/fengz/Mitosis/nrf_sdk11/components/properitary_rf/gzll/gcc/gzll_gcc.a(nrf_impala.o) (nrf_lcore_start_operation)
/home/fengz/Mitosis/nrf_sdk11/components/properitary_rf/gzll/gcc/gzll_gcc.a(nrf_notification_manager.o)
                              /home/fengz/Mitosis/nrf_sdk11/components/properitary_rf/gzll/gcc/gzll_gcc.a(nrf_impala.o) (nrf_nm_init)
/home/fengz/Mitosis/nrf_sdk11/components/properitary_rf/gzll/gcc/gzll_gcc.a(nrf_packet_manager.o)
                              /home/fengz/Mitosis/nrf_sdk11/components/properitary_rf/gzll/gcc/gzll_gcc.a(nrf_impala.o) (nrf_pm_init)
/home/fengz/Mitosis/nrf_sdk11/components/properitary_rf/gzll/gcc/gzll_gcc.a(nrf_state_machine.o)
                              /home/fengz/Mitosis/nrf_sdk11/components/properitary_rf/gzll/gcc/gzll_gcc.a(nrf_impala.o) (nrf_sm_init)
/home/fengz/Mitosis/nrf_sdk11/components/properitary_rf/gzll/gcc/gzll_gcc.a(nrf_assert_internal.o)
                              /home/fengz/Mitosis/nrf_sdk11/components/properitary_rf/gzll/gcc/gzll_gcc.a(nrf_gzll.o) (NRF_ASSERT_INTERNAL_parse_and_forward)
/home/fengz/Mitosis/nrf_sdk11/components/properitary_rf/gzll/gcc/gzll_gcc.a(nrf_channel_manager.o)
                              /home/fengz/Mitosis/nrf_sdk11/components/properitary_rf/gzll/gcc/gzll_gcc.a(nrf_impala.o) (nrf_chm_init)
/home/fengz/Mitosis/nrf_sdk11/components/properitary_rf/gzll/gcc/gzll_gcc.a(nrf_fifo.o)
                              /home/fengz/Mitosis/nrf_sdk11/components/properitary_rf/gzll/gcc/gzll_gcc.a(nrf_packet_manager.o) (nrf_fifo_init)
/home/fengz/Mitosis/nrf_sdk11/components/properitary_rf/gzll/gcc/gzll_gcc.a(nrf_flywheel.o)
                              /home/fengz/Mitosis/nrf_sdk11/components/properitary_rf/gzll/gcc/gzll_gcc.a(nrf_impala.o) (nrf_flw_init)
/usr/bin/../lib/gcc/arm-none-eabi/6.3.1/thumb/v6-m/libgcc.a(_thumb1_case_uqi.o)
                              /home/fengz/Mitosis/nrf_sdk11/components/properitary_rf/gzll/gcc/gzll_gcc.a(nrf_gzll.o) (__gnu_thumb1_case_uqi)
/usr/bin/../lib/gcc/arm-none-eabi/6.3.1/thumb/v6-m/libgcc.a(_udivsi3.o)
                              /home/fengz/Mitosis/nrf_sdk11/components/properitary_rf/gzll/gcc/gzll_gcc.a(nrf_channel_manager.o) (__aeabi_uidiv)
/usr/bin/../lib/gcc/arm-none-eabi/6.3.1/thumb/v6-m/libgcc.a(_dvmd_tls.o)
                              /usr/bin/../lib/gcc/arm-none-eabi/6.3.1/thumb/v6-m/libgcc.a(_udivsi3.o) (__aeabi_idiv0)
/usr/bin/../lib/gcc/arm-none-eabi/6.3.1/../../../../arm-none-eabi/lib/thumb/v6-m/libc_nano.a(lib_a-memcpy-stub.o)
                              /home/fengz/Mitosis/nrf_sdk11/components/properitary_rf/gzll/gcc/gzll_gcc.a(nrf_gzll.o) (memcpy)

Allocating common symbols
Common symbol       size              file

nrf_impl_status     0x1c              /home/fengz/Mitosis/nrf_sdk11/components/properitary_rf/gzll/gcc/gzll_gcc.a(nrf_impala.o)
pm_status           0x94              /home/fengz/Mitosis/nrf_sdk11/components/properitary_rf/gzll/gcc/gzll_gcc.a(nrf_packet_manager.o)
lcore_config        0x18              /home/fengz/Mitosis/nrf_sdk11/components/properitary_rf/gzll/gcc/gzll_gcc.a(nrf_impala.o)
available_packet_count
[...]
Memory Configuration

Name             Origin             Length             Attributes
FLASH            0x0000000000000000 0x0000000000040000 xr
RAM              0x0000000020000000 0x0000000000004000 xrw
*default*        0x0000000000000000 0xffffffffffffffff

Linker script and memory map


.text           0x0000000000000000     0x4358
 *(.isr_vector)
 .isr_vector    0x0000000000000000       0xc0 _build/gcc_startup_nrf51.o
                0x0000000000000000                __isr_vector
 *(.text*)
 .text          0x00000000000000c0       0x60 /usr/bin/../lib/gcc/arm-none-eabi/6.3.1/thumb/v6-m/crtbegin.o
 .text          0x0000000000000120       0x78 /usr/bin/../lib/gcc/arm-none-eabi/6.3.1/../../../../arm-none-eabi/lib/thumb/v6-m/crt0.o
                0x0000000000000120                _mainCRTStartup
                0x0000000000000120                _start
 .text.exit     0x0000000000000198       0x2c /usr/bin/../lib/gcc/arm-none-eabi/6.3.1/../../../../arm-none-eabi/lib/thumb/v6-m/libc_nano.a(lib_a-exit.o)
                0x0000000000000198                exit
 .text.__libc_init_array
                0x00000000000001c4       0x48 /usr/bin/../lib/gcc/arm-none-eabi/6.3.1/../../../../arm-none-eabi/lib/thumb/v6-m/libc_nano.a(lib_a-init.o)
                0x00000000000001c4                __libc_init_array
 .text.memset   0x000000000000020c       0x10 /usr/bin/../lib/gcc/arm-none-eabi/6.3.1/../../../../arm-none-eabi/lib/thumb/v6-m/libc_nano.a(lib_a-memset.o)
                0x000000000000020c                memset
 .text._exit    0x000000000000021c        0x4 /usr/bin/../lib/gcc/arm-none-eabi/6.3.1/../../../../arm-none-eabi/lib/thumb/v6-m/libnosys.a(_exit.o)
                0x000000000000021c                _exit
 .text.SystemInit
                0x0000000000000220       0xe4 _build/system_nrf51.o
                0x0000000000000220                SystemInit
 .text.uart_error_handle
                0x0000000000000304       0x18 _build/main.o
                0x0000000000000304                uart_error_handle
 .text.startup.main
                0x000000000000031c      0x79c _build/main.o
                0x000000000000031c                main
 .text.nrf_gzll_device_tx_success
                0x0000000000000ab8        0x8 _build/main.o
                0x0000000000000ab8                nrf_gzll_device_tx_success
 .text.nrf_gzll_device_tx_failed
                0x0000000000000ac0        0x8 _build/main.o
                0x0000000000000ac0                nrf_gzll_device_tx_failed
 .text.nrf_gzll_disabled
                0x0000000000000ac8        0x4 _build/main.o
                0x0000000000000ac8                nrf_gzll_disabled
 .text.nrf_gzll_host_rx_data_ready
                0x0000000000000acc      0x114 _build/main.o
                0x0000000000000acc                nrf_gzll_host_rx_data_ready
 .text.app_error_handler_bare
                0x0000000000000be0       0x20 _build/app_error.o
                0x0000000000000be0                app_error_handler_bare
 .text.app_error_fault_handler
                0x0000000000000c00       0x1c _build/app_error_weak.o
                0x0000000000000c00                app_error_fault_handler
 .text.app_fifo_init
                0x0000000000000c1c       0x28 _build/app_fifo.o
                0x0000000000000c1c                app_fifo_init
 .text.app_fifo_put
                0x0000000000000c44       0x28 _build/app_fifo.o
                0x0000000000000c44                app_fifo_put
 .text.app_fifo_get
                0x0000000000000c6c       0x24 _build/app_fifo.o
                0x0000000000000c6c                app_fifo_get
 .text.uart_event_handler
                0x0000000000000c90       0xc8 _build/app_uart_fifo.o
 .text.app_uart_init
                0x0000000000000d58       0xa4 _build/app_uart_fifo.o
                0x0000000000000d58                app_uart_init
 .text.app_uart_get
                0x0000000000000dfc       0x34 _build/app_uart_fifo.o
                0x0000000000000dfc                app_uart_get
 .text.app_uart_put
                0x0000000000000e30       0x40 _build/app_uart_fifo.o
                0x0000000000000e30                app_uart_put
 .text.nrf_drv_common_irq_enable
                0x0000000000000e70       0x7c _build/nrf_drv_common.o
                0x0000000000000e70                nrf_drv_common_irq_enable
 .text.nrf_drv_uart_init
                0x0000000000000eec      0x120 _build/nrf_drv_uart.o
                0x0000000000000eec                nrf_drv_uart_init
 .text.nrf_drv_uart_tx
                0x000000000000100c       0xb0 _build/nrf_drv_uart.o
                0x000000000000100c                nrf_drv_uart_tx
 .text.nrf_drv_uart_tx_in_progress
                0x00000000000010bc       0x10 _build/nrf_drv_uart.o
                0x00000000000010bc                nrf_drv_uart_tx_in_progress
 .text.nrf_drv_uart_rx
                0x00000000000010cc      0x140 _build/nrf_drv_uart.o
                0x00000000000010cc                nrf_drv_uart_rx
 .text.nrf_drv_uart_rx_enable
                0x000000000000120c       0x2c _build/nrf_drv_uart.o
                0x000000000000120c                nrf_drv_uart_rx_enable
 .text.UART0_IRQHandler
                0x0000000000001238      0x1a8 _build/nrf_drv_uart.o
                0x0000000000001238                UART0_IRQHandler
 .text          0x00000000000013e0       0x4c _build/gcc_startup_nrf51.o
                0x00000000000013e0                Reset_Handler
                0x0000000000001420                NMI_Handler
                0x0000000000001422                HardFault_Handler
                0x0000000000001424                SVC_Handler
                0x0000000000001426                PendSV_Handler
                0x0000000000001428                SysTick_Handler
                0x000000000000142a                SPI0_TWI0_IRQHandler
                0x000000000000142a                RTC0_IRQHandler
                0x000000000000142a                GPIOTE_IRQHandler
                0x000000000000142a                POWER_CLOCK_IRQHandler
                0x000000000000142a                LPCOMP_IRQHandler
                0x000000000000142a                SWI4_IRQHandler
                0x000000000000142a                TEMP_IRQHandler
                0x000000000000142a                QDEC_IRQHandler
                0x000000000000142a                SWI5_IRQHandler
                0x000000000000142a                TIMER0_IRQHandler
                0x000000000000142a                TIMER1_IRQHandler
                0x000000000000142a                ECB_IRQHandler
                0x000000000000142a                Default_Handler
                0x000000000000142a                ADC_IRQHandler
                0x000000000000142a                SWI3_IRQHandler
                0x000000000000142a                CCM_AAR_IRQHandler
                0x000000000000142a                WDT_IRQHandler
                0x000000000000142a                SWI2_IRQHandler
                0x000000000000142a                RNG_IRQHandler
                0x000000000000142a                SPI1_TWI1_IRQHandler
                0x000000000000142a                RTC1_IRQHandler
                0x000000000000142a                SWI1_IRQHandler
 .text          0x000000000000142c      0x864 /home/fengz/Mitosis/nrf_sdk11/components/properitary_rf/gzll/gcc/gzll_gcc.a(nrf_gzll.o)
                0x000000000000142c                nrf_gzll_enable
                0x0000000000001450                nrf_gzll_is_enabled
                0x000000000000145c                nrf_gzll_disable
                0x0000000000001472                nrf_gzll_add_packet_to_tx_fifo
                0x00000000000014f8                nrf_gzll_fetch_packet_from_rx_fifo
                0x0000000000001568                nrf_gzll_get_tx_fifo_packet_count
                0x0000000000001584                nrf_gzll_get_rx_fifo_packet_count
                0x00000000000015a0                nrf_gzll_get_total_allocated_packet_count
                0x00000000000015ac                nrf_gzll_ok_to_add_packet_to_tx_fifo
                0x00000000000015e8                nrf_gzll_flush_tx_fifo
                0x000000000000161c                nrf_gzll_flush_rx_fifo
                0x000000000000163c                nrf_gzll_set_mode
                0x000000000000166c                nrf_gzll_get_mode
                0x0000000000001698                nrf_gzll_set_channel_table
                0x00000000000016f4                nrf_gzll_get_channel_table
                0x0000000000001730                nrf_gzll_get_channel_table_size
                0x000000000000173c                nrf_gzll_set_base_address_0
                0x0000000000001764                nrf_gzll_get_base_address_0
                0x000000000000176c                nrf_gzll_set_base_address_1
                0x0000000000001794                nrf_gzll_get_base_address_1
                0x000000000000179c                nrf_gzll_set_address_prefix_byte
                0x00000000000017d0                nrf_gzll_get_address_prefix_byte
                0x00000000000017f8                nrf_gzll_set_rx_pipes_enabled
                0x0000000000001820                nrf_gzll_get_rx_pipes_enabled
                0x0000000000001828                nrf_gzll_set_datarate
                0x000000000000186c                nrf_gzll_get_datarate
                0x0000000000001884                nrf_gzll_set_tx_power
                0x00000000000018dc                nrf_gzll_get_tx_power
                0x000000000000191a                nrf_gzll_set_timeslot_period
                0x0000000000001940                nrf_gzll_get_timeslot_period
                0x0000000000001948                nrf_gzll_set_sync_lifetime
                0x0000000000001970                nrf_gzll_get_sync_lifetime
                0x0000000000001978                nrf_gzll_set_timeslots_per_channel_when_device_out_of_sync
                0x00000000000019a0                nrf_gzll_get_timeslots_per_channel_when_device_out_of_sync
                0x00000000000019a8                nrf_gzll_set_timeslots_per_channel
                0x00000000000019d0                nrf_gzll_get_timeslots_per_channel
                0x00000000000019d8                nrf_gzll_set_max_tx_attempts
                0x0000000000001a00                nrf_gzll_get_max_tx_attempts
                0x0000000000001a08                nrf_gzll_set_device_channel_selection_policy
                0x0000000000001a40                nrf_gzll_get_device_channel_selection_policy
                0x0000000000001a4e                nrf_gzll_set_xosc_ctl
                0x0000000000001a84                nrf_gzll_init
                0x0000000000001b10                nrf_gzll_get_xosc_ctl
                0x0000000000001b1e                nrf_gzll_clear_tick_count
                0x0000000000001b2c                nrf_gzll_get_tick_count
                0x0000000000001b38                nrf_gzll_set_auto_disable
                0x0000000000001b50                nrf_gzll_get_error_code
                0x0000000000001b5c                nrf_gzll_reset_error_code
                0x0000000000001b68                nrf_gzll_get_internal_debug_code
                0x0000000000001b74                nrf_gzll_reset_internal_debug_code
                0x0000000000001b80                nrf_gzll_mode_changed
                0x0000000000001b82                notification_cb
                0x0000000000001c7c                nrf_assert_internal_callback
 .text          0x0000000000001c90     0x119c /home/fengz/Mitosis/nrf_sdk11/components/properitary_rf/gzll/gcc/gzll_gcc.a(nrf_impala.o)
                0x0000000000002058                nrf_gpio_debug_pin_write
                0x000000000000205a                nrf_impl_disable
                0x0000000000002084                nrf_impl_is_disabled
                0x0000000000002094                nrf_impl_get_mode
                0x00000000000020a0                nrf_impl_reserve_packet
                0x00000000000020b4                nrf_impl_free_packet
                0x00000000000020c8                nrf_impl_put_tx_fifo
                0x0000000000002100                nrf_impl_pop_rx_fifo
                0x0000000000002114                nrf_impl_read_rx_fifo
                0x000000000000211c                nrf_impl_read_tx_fifo
                0x0000000000002130                nrf_impl_get_tx_fifo_status
                0x0000000000002138                nrf_impl_get_rx_fifo_status
                0x0000000000002140                nrf_impl_get_available_fifo_packets
                0x0000000000002148                nrf_impl_flush_tx_fifo
                0x000000000000217c                nrf_impl_flush_rx_fifo
                0x0000000000002190                nrf_impl_set_pipe_0_base_address
                0x00000000000021b0                nrf_impl_get_pipe_0_base_address
                0x00000000000021bc                nrf_impl_set_pipes_1_to_7_base_address
                0x00000000000021d8                nrf_impl_get_pipes_1_to_7_base_address
                0x00000000000021e4                nrf_impl_set_prefix_byte
                0x000000000000223c                nrf_impl_get_prefix_byte
                0x000000000000225c                nrf_impl_set_channel_table
                0x0000000000002290                nrf_impl_set_sync_lifetime
                0x000000000000229c                nrf_impl_get_sync_lifetime
                0x00000000000022a8                nrf_impl_set_base_address_length
                0x00000000000022d0                nrf_impl_get_base_address_length
                0x00000000000022dc                nrf_impl_set_rx_pipes_enabled
                0x00000000000022e8                nrf_impl_get_rx_pipes_enabled
                0x00000000000022f4                nrf_impl_set_timeslot_period
                0x0000000000002300                nrf_impl_get_timeslot_period
                0x000000000000230c                nrf_impl_set_timeslots_per_channel_when_in_sync
                0x000000000000231c                nrf_impl_get_timeslots_per_channel_when_in_sync
                0x0000000000002328                nrf_impl_set_timeslots_per_channel_when_out_of_sync
                0x0000000000002338                nrf_impl_get_timeslots_per_channel_when_out_of_sync
                0x0000000000002344                nrf_impl_set_max_allowed_tx_attempts
                0x0000000000002350                nrf_impl_get_max_allowed_tx_attempts
                0x000000000000235c                nrf_impl_set_tx_power
                0x0000000000002378                nrf_impl_get_tx_power
                0x0000000000002384                nrf_impl_set_crc_length
                0x000000000000240c                nrf_impl_get_crc_length
                0x0000000000002418                nrf_impl_set_datarate
                0x00000000000026a4                nrf_impl_set_mode
                0x00000000000026d4                nrf_impl_enable
                0x0000000000002734                nrf_impl_init
                0x00000000000028b8                nrf_impl_get_datarate
                0x00000000000028c4                nrf_impl_enable_rssi
                0x00000000000028e8                nrf_impl_set_channel_selection_policy
                0x00000000000028f4                nrf_impl_get_channel_selection_policy
                0x0000000000002900                nrf_impl_set_idle_activity_config
                0x000000000000290c                nrf_impl_get_idle_activity_config
                0x0000000000002918                nrf_impl_set_xosc_ctl
                0x0000000000002924                nrf_impl_get_xosc_ctl
                0x0000000000002930                nrf_impl_set_dyn_ack_enable
                0x0000000000002938                nrf_impl_state_fun_device_send_packet
                0x000000000000297c                async_state_rx_active
                0x00000000000029b0                async_state_rx_enabling
                0x0000000000002a38                async_state_tx_ack_complete
                0x0000000000002a4c                async_state_packet_received
                0x0000000000002bec                nrf_impl_state_fun_timeslot_start
 .text          0x0000000000002e2c      0x600 /home/fengz/Mitosis/nrf_sdk11/components/properitary_rf/gzll/gcc/gzll_gcc.a(nrf_link_core.o)
                0x0000000000003000                nrf_lcore_start_operation
                0x00000000000030a8                nrf_lcore_rx_address_match
                0x00000000000030b8                nrf_lcore_force_disable
                0x0000000000003128                nrf_lcore_init
                0x0000000000003180                RADIO_IRQHandler
                0x0000000000003328                TESTONLY_current_state_is_legal
                0x000000000000334c                nrf_lcore_prepare_operation
                0x0000000000003428                print_lc_debug_info
 .text          0x000000000000342c      0x108 /home/fengz/Mitosis/nrf_sdk11/components/properitary_rf/gzll/gcc/gzll_gcc.a(nrf_notification_manager.o)
                0x000000000000342c                nrf_nm_init
                0x0000000000003460                nrf_nm_add
                0x00000000000034c4                nrf_nm_get_remaining_space_in_notification_queue
                0x00000000000034d8                SWI0_IRQHandler
 .text          0x0000000000003534      0x4d4 /home/fengz/Mitosis/nrf_sdk11/components/properitary_rf/gzll/gcc/gzll_gcc.a(nrf_packet_manager.o)
                0x0000000000003568                nrf_pm_init
                0x00000000000035c4                nrf_pm_get_ack_payload_pending
                0x00000000000035d0                nrf_pm_there_is_ptx_packet_to_be_serviced
                0x00000000000035dc                nrf_pm_get_current_ptx_pipe
                0x00000000000035e8                nrf_pm_get_current_ptx_packet
                0x00000000000035f4                nrf_pm_get_current_ptx_ack_ptr
                0x0000000000003600                nrf_pm_start_prx
                0x000000000000364c                nrf_pm_search_for_ptx_pipe_to_service
                0x00000000000036cc                nrf_pm_end_prx
                0x0000000000003804                nrf_pm_end_ptx
                0x000000000000389c                nrf_pm_get_state
                0x00000000000038a8                nrf_pm_put_tx_fifo
                0x00000000000038ce                nrf_pm_read_tx_fifo
                0x00000000000038d6                nrf_pm_flush_tx_fifo
                0x00000000000038e6                nrf_pm_get_tx_fifo_status
                0x00000000000038ee                nrf_pm_read_rx_fifo
                0x00000000000038f8                nrf_pm_pop_rx_fifo
                0x0000000000003902                nrf_pm_flush_rx_fifo
                0x000000000000390c                nrf_pm_get_rx_fifo_status
                0x0000000000003916                nrf_pm_start_ptx
                0x00000000000039d4                nrf_pm_reserve_packet
                0x00000000000039dc                nrf_pm_free_packet
                0x00000000000039e4                nrf_pm_get_available_fifo_packets
                0x00000000000039ec                nrf_pm_set_dyn_ack_status
                0x00000000000039f8                nrf_pm_get_dyn_ack_status
                0x0000000000003a04                pm_tx_pipe_to_nrf_fifo_pipe
 .text          0x0000000000003a08       0x70 /home/fengz/Mitosis/nrf_sdk11/components/properitary_rf/gzll/gcc/gzll_gcc.a(nrf_state_machine.o)
                0x0000000000003a08                nrf_sm_init
                0x0000000000003a18                nrf_sm_set_next_state
                0x0000000000003a34                nrf_sm_get_current_state
                0x0000000000003a40                nrf_sm_get_prev_state
                0x0000000000003a4c                nrf_sm_get_next_state
                0x0000000000003a58                nrf_sm_execute
 .text          0x0000000000003a78        0x8 /home/fengz/Mitosis/nrf_sdk11/components/properitary_rf/gzll/gcc/gzll_gcc.a(nrf_assert_internal.o)
                0x0000000000003a78                NRF_ASSERT_INTERNAL_parse_and_forward
 .text          0x0000000000003a80      0x20c /home/fengz/Mitosis/nrf_sdk11/components/properitary_rf/gzll/gcc/gzll_gcc.a(nrf_channel_manager.o)
                0x0000000000003a80                nrf_chm_init
                0x0000000000003aa0                nrf_chm_execute_single_tick
                0x0000000000003acc                nrf_chm_execute_ticks
                0x0000000000003b30                nrf_chm_ticks_until_channel_switch
                0x0000000000003b40                nrf_chm_ticks_until_desired_channel
                0x0000000000003b80                nrf_chm_ticks_until_current_timeslot_in_range
                0x0000000000003bc4                nrf_chm_ticks_until_current_timeslot_in_range_on_desired_channel
                0x0000000000003c04                nrf_chm_get_current_channel
                0x0000000000003c2c                nrf_chm_set_current_channel_index
                0x0000000000003c50                nrf_chm_get_current_channel_index
                0x0000000000003c5c                nrf_chm_set_current_timeslot
                0x0000000000003c80                nrf_chm_get_current_timeslot
 .text          0x0000000000003c8c      0x294 /home/fengz/Mitosis/nrf_sdk11/components/properitary_rf/gzll/gcc/gzll_gcc.a(nrf_fifo.o)
                0x0000000000003cdc                nrf_fifo_init
                0x0000000000003d30                nrf_fifo_reserve_packet
                0x0000000000003d6c                nrf_fifo_free_packet
                0x0000000000003dc8                nrf_fifo_put_packet
                0x0000000000003e34                nrf_fifo_pop_packet
                0x0000000000003e84                nrf_fifo_read_packet
                0x0000000000003eb8                nrf_fifo_get_packet_count
                0x0000000000003ed8                nrf_fifo_get_available_packet_count
                0x0000000000003ee4                nrf_fifo_flush
 .text          0x0000000000003f20      0x258 /home/fengz/Mitosis/nrf_sdk11/components/properitary_rf/gzll/gcc/gzll_gcc.a(nrf_flywheel.o)
                0x0000000000003f20                nrf_flw_init
                0x0000000000003f98                nrf_flw_start
                0x0000000000003fb0                nrf_flw_stop
                0x0000000000003fe8                nrf_flw_get_runstate
                0x0000000000003ff4                nrf_flw_task_is_delayed
                0x0000000000004000                NRF_flw_prepare_call
                0x00000000000040fc                nrf_flw_get_ext_capture_task
                0x0000000000004104                nrf_flw_get_flw_call_event
                0x000000000000410c                TIMER2_IRQHandler
 .text          0x0000000000004178       0x14 /usr/bin/../lib/gcc/arm-none-eabi/6.3.1/thumb/v6-m/libgcc.a(_thumb1_case_uqi.o)
                0x0000000000004178                __gnu_thumb1_case_uqi
 .text          0x000000000000418c      0x114 /usr/bin/../lib/gcc/arm-none-eabi/6.3.1/thumb/v6-m/libgcc.a(_udivsi3.o)
                0x000000000000418c                __udivsi3
                0x000000000000418c                __aeabi_uidiv
                0x0000000000004298                __aeabi_uidivmod
 .text          0x00000000000042a0        0x4 /usr/bin/../lib/gcc/arm-none-eabi/6.3.1/thumb/v6-m/libgcc.a(_dvmd_tls.o)
                0x00000000000042a0                __aeabi_ldiv0
                0x00000000000042a0                __aeabi_idiv0
 .text.memcpy   0x00000000000042a4       0x12 /usr/bin/../lib/gcc/arm-none-eabi/6.3.1/../../../../arm-none-eabi/lib/thumb/v6-m/libc_nano.a(lib_a-memcpy-stub.o)
                0x00000000000042a4                memcpy
 *(.init)
 *fill*         0x00000000000042b6        0x2 
 .init          0x00000000000042b8        0x4 /usr/bin/../lib/gcc/arm-none-eabi/6.3.1/thumb/v6-m/crti.o
                0x00000000000042b8                _init
 .init          0x00000000000042bc        0x8 /usr/bin/../lib/gcc/arm-none-eabi/6.3.1/thumb/v6-m/crtn.o
 *(.fini)
 .fini          0x00000000000042c4        0x4 /usr/bin/../lib/gcc/arm-none-eabi/6.3.1/thumb/v6-m/crti.o
                0x00000000000042c4                _fini
 .fini          0x00000000000042c8        0x8 /usr/bin/../lib/gcc/arm-none-eabi/6.3.1/thumb/v6-m/crtn.o
 *crtbegin.o(.ctors)
 *crtbegin?.o(.ctors)
 *(EXCLUDE_FILE(*crtend.o *crtend?.o) .ctors)
 *(SORT(.ctors.*))
 *(.ctors)
 *crtbegin.o(.dtors)
 *crtbegin?.o(.dtors)
 *(EXCLUDE_FILE(*crtend.o *crtend?.o) .dtors)
 *(SORT(.dtors.*))
 *(.dtors)
 *(.rodata*)
 .rodata._global_impure_ptr
                0x00000000000042d0        0x4 /usr/bin/../lib/gcc/arm-none-eabi/6.3.1/../../../../arm-none-eabi/lib/thumb/v6-m/libc_nano.a(lib_a-impure.o)
                0x00000000000042d0                _global_impure_ptr
 .rodata        0x00000000000042d4        0xc _build/main.o
 .rodata        0x00000000000042e0       0x20 _build/app_uart_fifo.o
 .rodata.m_default_config
                0x0000000000004300       0x20 _build/nrf_drv_uart.o
 .rodata        0x0000000000004320        0x2 /home/fengz/Mitosis/nrf_sdk11/components/properitary_rf/gzll/gcc/gzll_gcc.a(nrf_gzll.o)
 *fill*         0x0000000000004322        0x2 
 .rodata        0x0000000000004324       0x30 /home/fengz/Mitosis/nrf_sdk11/components/properitary_rf/gzll/gcc/gzll_gcc.a(nrf_link_core.o)
 *(.eh_frame*)
 .eh_frame      0x0000000000004354        0x0 /usr/bin/../lib/gcc/arm-none-eabi/6.3.1/thumb/v6-m/crtbegin.o
 .eh_frame      0x0000000000004354        0x4 /usr/bin/../lib/gcc/arm-none-eabi/6.3.1/thumb/v6-m/crtend.o

.glue_7         0x0000000000004358        0x0
 .glue_7        0x0000000000004358        0x0 linker stubs

.glue_7t        0x0000000000004358        0x0
 .glue_7t       0x0000000000004358        0x0 linker stubs

.vfp11_veneer   0x0000000000004358        0x0
 .vfp11_veneer  0x0000000000004358        0x0 linker stubs

.v4_bx          0x0000000000004358        0x0
 .v4_bx         0x0000000000004358        0x0 linker stubs

.iplt           0x0000000000004358        0x0
 .iplt          0x0000000000004358        0x0 /usr/bin/../lib/gcc/arm-none-eabi/6.3.1/thumb/v6-m/crtbegin.o

.ARM.extab
 *(.ARM.extab* .gnu.linkonce.armextab.*)
                0x0000000000004358                __exidx_start = .

.ARM.exidx      0x0000000000004358        0x8
 *(.ARM.exidx* .gnu.linkonce.armexidx.*)
 .ARM.exidx     0x0000000000004358        0x8 /usr/bin/../lib/gcc/arm-none-eabi/6.3.1/../../../../arm-none-eabi/lib/thumb/v6-m/crt0.o
                0x0000000000004360                __exidx_end = .
                0x0000000000004360                __etext = .

.rel.dyn        0x0000000000004360        0x0
 .rel.iplt      0x0000000000004360        0x0 /usr/bin/../lib/gcc/arm-none-eabi/6.3.1/thumb/v6-m/crtbegin.o

.data           0x0000000020000000       0x88 load address 0x0000000000004360
                0x0000000020000000                __data_start__ = .
 *(vtable)
 *(.data*)
 .data.impure_data
                0x0000000020000000       0x60 /usr/bin/../lib/gcc/arm-none-eabi/6.3.1/../../../../arm-none-eabi/lib/thumb/v6-m/libc_nano.a(lib_a-impure.o)
 .data          0x0000000020000060       0x14 /home/fengz/Mitosis/nrf_sdk11/components/properitary_rf/gzll/gcc/gzll_gcc.a(nrf_gzll.o)
 .data          0x0000000020000074        0x8 /home/fengz/Mitosis/nrf_sdk11/components/properitary_rf/gzll/gcc/gzll_gcc.a(nrf_state_machine.o)
                0x0000000020000074                state_functions
                0x000000002000007c                . = ALIGN (0x4)
                0x000000002000007c                PROVIDE (__preinit_array_start, .)
 *(.preinit_array)
                0x000000002000007c                PROVIDE (__preinit_array_end, .)
                0x000000002000007c                . = ALIGN (0x4)
                0x000000002000007c                PROVIDE (__init_array_start, .)
 *(SORT(.init_array.*))
 *(.init_array)
 .init_array    0x000000002000007c        0x4 /usr/bin/../lib/gcc/arm-none-eabi/6.3.1/thumb/v6-m/crtbegin.o
                0x0000000020000080                PROVIDE (__init_array_end, .)
                0x0000000020000080                . = ALIGN (0x4)
                [!provide]                        PROVIDE (__fini_array_start, .)
 *(SORT(.fini_array.*))
 *(.fini_array)
 .fini_array    0x0000000020000080        0x4 /usr/bin/../lib/gcc/arm-none-eabi/6.3.1/thumb/v6-m/crtbegin.o
                [!provide]                        PROVIDE (__fini_array_end, .)
 *(.jcr*)
 .jcr           0x0000000020000084        0x0 /usr/bin/../lib/gcc/arm-none-eabi/6.3.1/thumb/v6-m/crtbegin.o
 .jcr           0x0000000020000084        0x4 /usr/bin/../lib/gcc/arm-none-eabi/6.3.1/thumb/v6-m/crtend.o
                0x0000000020000088                . = ALIGN (0x4)
                0x0000000020000088                __data_end__ = .
LOAD /usr/bin/../lib/gcc/arm-none-eabi/6.3.1/thumb/v6-m/crti.o
LOAD /usr/bin/../lib/gcc/arm-none-eabi/6.3.1/thumb/v6-m/crtbegin.o
LOAD /usr/bin/../lib/gcc/arm-none-eabi/6.3.1/../../../../arm-none-eabi/lib/thumb/v6-m/crt0.o
LOAD /usr/bin/../lib/gcc/arm-none-eabi/6.3.1/../../../../arm-none-eabi/lib/thumb/v6-m/libc_nano.a
LOAD /usr/bin/../lib/gcc/arm-none-eabi/6.3.1/../../../../arm-none-eabi/lib/thumb/v6-m/libnosys.a
LOAD _build/system_nrf51.o
LOAD _build/main.o
LOAD _build/app_error.o
LOAD _build/app_error_weak.o
LOAD _build/app_fifo.o
LOAD _build/app_util_platform.o
LOAD _build/nrf_assert.o
LOAD _build/retarget.o
LOAD _build/app_uart_fifo.o
LOAD _build/nrf_delay.o
LOAD _build/nrf_drv_common.o
LOAD _build/nrf_drv_uart.o
LOAD _build/gcc_startup_nrf51.o
LOAD /home/fengz/Mitosis/nrf_sdk11/components/properitary_rf/gzll/gcc/gzll_gcc.a
LOAD /usr/bin/../lib/gcc/arm-none-eabi/6.3.1/../../../../arm-none-eabi/lib/thumb/v6-m/libm.a
START GROUP
LOAD /usr/bin/../lib/gcc/arm-none-eabi/6.3.1/thumb/v6-m/libgcc.a
LOAD /usr/bin/../lib/gcc/arm-none-eabi/6.3.1/../../../../arm-none-eabi/lib/thumb/v6-m/libc_nano.a
END GROUP
START GROUP
LOAD /usr/bin/../lib/gcc/arm-none-eabi/6.3.1/thumb/v6-m/libgcc.a
LOAD /usr/bin/../lib/gcc/arm-none-eabi/6.3.1/../../../../arm-none-eabi/lib/thumb/v6-m/libc_nano.a
END GROUP
LOAD /usr/bin/../lib/gcc/arm-none-eabi/6.3.1/thumb/v6-m/crtend.o
LOAD /usr/bin/../lib/gcc/arm-none-eabi/6.3.1/thumb/v6-m/crtn.o
START GROUP
LOAD /usr/bin/../lib/gcc/arm-none-eabi/6.3.1/thumb/v6-m/libgcc.a
LOAD /usr/bin/../lib/gcc/arm-none-eabi/6.3.1/../../../../arm-none-eabi/lib/thumb/v6-m/libc.a
LOAD /usr/bin/../lib/gcc/arm-none-eabi/6.3.1/../../../../arm-none-eabi/lib/thumb/v6-m/libnosys.a
END GROUP

.igot.plt       0x0000000020000088        0x0 load address 0x00000000000043e8
 .igot.plt      0x0000000020000088        0x0 /usr/bin/../lib/gcc/arm-none-eabi/6.3.1/thumb/v6-m/crtbegin.o

.fs_data        0x0000000020000088        0x0
                [!provide]                        PROVIDE (__start_fs_data, .)
 *(.fs_data)
                [!provide]                        PROVIDE (__stop_fs_data, .)

.bss            0x0000000020000088      0x640 load address 0x00000000000043e8
                0x0000000020000088                . = ALIGN (0x4)
                0x0000000020000088                __bss_start__ = .
 *(.bss*)
 .bss           0x0000000020000088       0x1c /usr/bin/../lib/gcc/arm-none-eabi/6.3.1/thumb/v6-m/crtbegin.o
 .bss.ack_payload
                0x00000000200000a4        0x3 _build/main.o
 *fill*         0x00000000200000a7        0x1 
 .bss.data_buffer
                0x00000000200000a8       0x1b _build/main.o
 *fill*         0x00000000200000c3        0x1 
 .bss.data_payload_left
                0x00000000200000c4       0x20 _build/main.o
 .bss.data_payload_num
                0x00000000200000e4       0x20 _build/main.o
 .bss.data_payload_planckLeft
                0x0000000020000104       0x20 _build/main.o
 .bss.data_payload_planckRight
                0x0000000020000124       0x20 _build/main.o
 .bss.data_payload_right
                0x0000000020000144       0x20 _build/main.o
 .bss.data_payload_staryu
                0x0000000020000164       0x20 _build/main.o
 .bss.left_active
                0x0000000020000184        0x4 _build/main.o
                0x0000000020000184                left_active
 .bss.num_active
                0x0000000020000188        0x4 _build/main.o
                0x0000000020000188                num_active
 .bss.packet_received_left
                0x000000002000018c        0x1 _build/main.o
 .bss.packet_received_num
                0x000000002000018d        0x1 _build/main.o
 .bss.packet_received_planckLeft
                0x000000002000018e        0x1 _build/main.o
 .bss.packet_received_planckRight
                0x000000002000018f        0x1 _build/main.o
 .bss.packet_received_right
                0x0000000020000190        0x1 _build/main.o
 .bss.packet_received_staryu
                0x0000000020000191        0x1 _build/main.o
 *fill*         0x0000000020000192        0x2 
 .bss.planckLeft_active
                0x0000000020000194        0x4 _build/main.o
                0x0000000020000194                planckLeft_active
 .bss.planckRight_active
                0x0000000020000198        0x4 _build/main.o
                0x0000000020000198                planckRight_active
 .bss.right_active
                0x000000002000019c        0x4 _build/main.o
                0x000000002000019c                right_active
 .bss.rx_buf.6250
                0x00000000200001a0        0x1 _build/main.o
 *fill*         0x00000000200001a1        0x3 
 .bss.staryu_active
                0x00000000200001a4        0x4 _build/main.o
                0x00000000200001a4                staryu_active
 .bss.tx_buf.6251
                0x00000000200001a8      0x100 _build/main.o
 .bss.m_event_handler
                0x00000000200002a8        0x4 _build/app_uart_fifo.o
 .bss.m_rx_fifo
                0x00000000200002ac       0x10 _build/app_uart_fifo.o
 .bss.m_tx_fifo
                0x00000000200002bc       0x10 _build/app_uart_fifo.o
 .bss.rx_buffer
                0x00000000200002cc        0x1 _build/app_uart_fifo.o
 *fill*         0x00000000200002cd        0x3 
 .bss.tx_buffer
                0x00000000200002d0        0x1 _build/app_uart_fifo.o
 *fill*         0x00000000200002d1        0x3 
 .bss.m_cb      0x00000000200002d4       0x1c _build/nrf_drv_uart.o
 .bss           0x00000000200002f0       0x18 /home/fengz/Mitosis/nrf_sdk11/components/properitary_rf/gzll/gcc/gzll_gcc.a(nrf_gzll.o)
                0x0000000020000304                assert_count
 .bss           0x0000000020000308       0x10 /home/fengz/Mitosis/nrf_sdk11/components/properitary_rf/gzll/gcc/gzll_gcc.a(nrf_impala.o)
 .bss           0x0000000020000318        0x4 /home/fengz/Mitosis/nrf_sdk11/components/properitary_rf/gzll/gcc/gzll_gcc.a(nrf_link_core.o)
 .bss           0x000000002000031c        0xc /home/fengz/Mitosis/nrf_sdk11/components/properitary_rf/gzll/gcc/gzll_gcc.a(nrf_channel_manager.o)
 .bss           0x0000000020000328        0x8 /home/fengz/Mitosis/nrf_sdk11/components/properitary_rf/gzll/gcc/gzll_gcc.a(nrf_flywheel.o)
 *(COMMON)
 COMMON         0x0000000020000330        0x1 _build/main.o
                0x0000000020000330                c
 COMMON         0x0000000020000331        0x1 /home/fengz/Mitosis/nrf_sdk11/components/properitary_rf/gzll/gcc/gzll_gcc.a(nrf_gzll.o)
                0x0000000020000331                nrf_gzll_error_code
 *fill*         0x0000000020000332        0x2 
 COMMON         0x0000000020000334       0x6c /home/fengz/Mitosis/nrf_sdk11/components/properitary_rf/gzll/gcc/gzll_gcc.a(nrf_impala.o)
                0x0000000020000334                nrf_impl_status
                0x0000000020000350                lcore_config
                0x0000000020000368                impl_async_state
                0x000000002000036c                impl_internal_params
 COMMON         0x00000000200003a0       0x24 /home/fengz/Mitosis/nrf_sdk11/components/properitary_rf/gzll/gcc/gzll_gcc.a(nrf_link_core.o)
                0x00000000200003a0                nrf_lcore_status
 COMMON         0x00000000200003c4       0x88 /home/fengz/Mitosis/nrf_sdk11/components/properitary_rf/gzll/gcc/gzll_gcc.a(nrf_notification_manager.o)
                0x00000000200003c4                nm_status
 COMMON         0x000000002000044c       0x9c /home/fengz/Mitosis/nrf_sdk11/components/properitary_rf/gzll/gcc/gzll_gcc.a(nrf_packet_manager.o)
                0x000000002000044c                pm_status
                0x00000000200004e0                nrf_pm_ack_payload_pending
 COMMON         0x00000000200004e8        0x3 /home/fengz/Mitosis/nrf_sdk11/components/properitary_rf/gzll/gcc/gzll_gcc.a(nrf_state_machine.o)
                0x00000000200004e8                sm_status
 *fill*         0x00000000200004eb        0x1 
 COMMON         0x00000000200004ec      0x1d8 /home/fengz/Mitosis/nrf_sdk11/components/properitary_rf/gzll/gcc/gzll_gcc.a(nrf_fifo.o)
                0x00000000200004ec                available_packet_count
                0x00000000200004f0                available_packets
                0x0000000020000508                pipe_status
                0x0000000020000538                fifo_contents
                0x00000000200005f8                packet_pool
 COMMON         0x00000000200006c4        0x1 /home/fengz/Mitosis/nrf_sdk11/components/properitary_rf/gzll/gcc/gzll_gcc.a(nrf_flywheel.o)
                0x00000000200006c4                runstate
                0x00000000200006c8                . = ALIGN (0x4)
 *fill*         0x00000000200006c5        0x3 
                0x00000000200006c8                __bss_end__ = .

.heap           0x00000000200006c8      0x800
                0x00000000200006c8                __end__ = .
                [!provide]                        PROVIDE (end, .)
 *(.heap*)
 .heap          0x00000000200006c8      0x800 _build/gcc_startup_nrf51.o
                0x00000000200006c8                __HeapBase
                0x0000000020000ec8                __HeapLimit = .

.stack_dummy    0x00000000200006c8      0x800
 *(.stack*)
 .stack         0x00000000200006c8      0x800 _build/gcc_startup_nrf51.o
                0x0000000020004000                __StackTop = (ORIGIN (RAM) + LENGTH (RAM))
                0x0000000020003800                __StackLimit = (__StackTop - SIZEOF (.stack_dummy))
                0x0000000020004000                PROVIDE (__stack, __StackTop)
                0x0000000000000001                ASSERT ((__StackLimit >= __HeapLimit), region RAM overflowed with stack)
OUTPUT(_build/nrf51822_xxac.out elf32-littlearm)

.ARM.attributes
                0x0000000000000000       0x28
 .ARM.attributes
                0x0000000000000000       0x1e /usr/bin/../lib/gcc/arm-none-eabi/6.3.1/thumb/v6-m/crti.o
 .ARM.attributes
                0x000000000000001e       0x2c /usr/bin/../lib/gcc/arm-none-eabi/6.3.1/thumb/v6-m/crtbegin.o
 .ARM.attributes
                0x000000000000004a       0x1b /usr/bin/../lib/gcc/arm-none-eabi/6.3.1/../../../../arm-none-eabi/lib/thumb/v6-m/crt0.o
 .ARM.attributes
                0x0000000000000065       0x2c /usr/bin/../lib/gcc/arm-none-eabi/6.3.1/../../../../arm-none-eabi/lib/thumb/v6-m/libc_nano.a(lib_a-exit.o)
 .ARM.attributes
                0x0000000000000091       0x2c /usr/bin/../lib/gcc/arm-none-eabi/6.3.1/../../../../arm-none-eabi/lib/thumb/v6-m/libc_nano.a(lib_a-impure.o)
 .ARM.attributes
                0x00000000000000bd       0x2c /usr/bin/../lib/gcc/arm-none-eabi/6.3.1/../../../../arm-none-eabi/lib/thumb/v6-m/libc_nano.a(lib_a-init.o)
 .ARM.attributes
                0x00000000000000e9       0x2c /usr/bin/../lib/gcc/arm-none-eabi/6.3.1/../../../../arm-none-eabi/lib/thumb/v6-m/libc_nano.a(lib_a-memset.o)
 .ARM.attributes
                0x0000000000000115       0x2c /usr/bin/../lib/gcc/arm-none-eabi/6.3.1/../../../../arm-none-eabi/lib/thumb/v6-m/libnosys.a(_exit.o)
 .ARM.attributes
                0x0000000000000141       0x31 _build/system_nrf51.o
 .ARM.attributes
                0x0000000000000172       0x31 _build/main.o
 .ARM.attributes
                0x00000000000001a3       0x31 _build/app_error.o
 .ARM.attributes
                0x00000000000001d4       0x31 _build/app_error_weak.o
 .ARM.attributes
                0x0000000000000205       0x31 _build/app_fifo.o
 .ARM.attributes
                0x0000000000000236       0x31 _build/app_uart_fifo.o
 .ARM.attributes
                0x0000000000000267       0x31 _build/nrf_drv_common.o
 .ARM.attributes
                0x0000000000000298       0x31 _build/nrf_drv_uart.o
 .ARM.attributes
                0x00000000000002c9       0x1b _build/gcc_startup_nrf51.o
 .ARM.attributes
                0x00000000000002e4       0x31 /home/fengz/Mitosis/nrf_sdk11/components/properitary_rf/gzll/gcc/gzll_gcc.a(nrf_gzll.o)
 .ARM.attributes
                0x0000000000000315       0x31 /home/fengz/Mitosis/nrf_sdk11/components/properitary_rf/gzll/gcc/gzll_gcc.a(nrf_impala.o)
 .ARM.attributes
                0x0000000000000346       0x31 /home/fengz/Mitosis/nrf_sdk11/components/properitary_rf/gzll/gcc/gzll_gcc.a(nrf_link_core.o)
 .ARM.attributes
                0x0000000000000377       0x31 /home/fengz/Mitosis/nrf_sdk11/components/properitary_rf/gzll/gcc/gzll_gcc.a(nrf_notification_manager.o)
 .ARM.attributes
                0x00000000000003a8       0x31 /home/fengz/Mitosis/nrf_sdk11/components/properitary_rf/gzll/gcc/gzll_gcc.a(nrf_packet_manager.o)
 .ARM.attributes
                0x00000000000003d9       0x31 /home/fengz/Mitosis/nrf_sdk11/components/properitary_rf/gzll/gcc/gzll_gcc.a(nrf_state_machine.o)
 .ARM.attributes
                0x000000000000040a       0x31 /home/fengz/Mitosis/nrf_sdk11/components/properitary_rf/gzll/gcc/gzll_gcc.a(nrf_assert_internal.o)
 .ARM.attributes
                0x000000000000043b       0x31 /home/fengz/Mitosis/nrf_sdk11/components/properitary_rf/gzll/gcc/gzll_gcc.a(nrf_channel_manager.o)
 .ARM.attributes
                0x000000000000046c       0x31 /home/fengz/Mitosis/nrf_sdk11/components/properitary_rf/gzll/gcc/gzll_gcc.a(nrf_fifo.o)
 .ARM.attributes
                0x000000000000049d       0x31 /home/fengz/Mitosis/nrf_sdk11/components/properitary_rf/gzll/gcc/gzll_gcc.a(nrf_flywheel.o)
 .ARM.attributes
                0x00000000000004ce       0x1e /usr/bin/../lib/gcc/arm-none-eabi/6.3.1/thumb/v6-m/libgcc.a(_thumb1_case_uqi.o)
 .ARM.attributes
                0x00000000000004ec       0x1e /usr/bin/../lib/gcc/arm-none-eabi/6.3.1/thumb/v6-m/libgcc.a(_udivsi3.o)
 .ARM.attributes
                0x000000000000050a       0x1e /usr/bin/../lib/gcc/arm-none-eabi/6.3.1/thumb/v6-m/libgcc.a(_dvmd_tls.o)
 .ARM.attributes
                0x0000000000000528       0x2c /usr/bin/../lib/gcc/arm-none-eabi/6.3.1/../../../../arm-none-eabi/lib/thumb/v6-m/libc_nano.a(lib_a-memcpy-stub.o)
 .ARM.attributes
                0x0000000000000554       0x2c /usr/bin/../lib/gcc/arm-none-eabi/6.3.1/thumb/v6-m/crtend.o
 .ARM.attributes
                0x0000000000000580       0x1e /usr/bin/../lib/gcc/arm-none-eabi/6.3.1/thumb/v6-m/crtn.o

.comment        0x0000000000000000       0xef
 .comment       0x0000000000000000       0x7f _build/system_nrf51.o
                                         0x80 (size before relaxing)
 .comment       0x000000000000007f       0x80 _build/main.o
 .comment       0x000000000000007f       0x80 _build/app_error.o
 .comment       0x000000000000007f       0x80 _build/app_error_weak.o
 .comment       0x000000000000007f       0x80 _build/app_fifo.o
 .comment       0x000000000000007f       0x80 _build/app_uart_fifo.o
 .comment       0x000000000000007f       0x80 _build/nrf_drv_common.o
 .comment       0x000000000000007f       0x80 _build/nrf_drv_uart.o
 .comment       0x000000000000007f       0x70 /home/fengz/Mitosis/nrf_sdk11/components/properitary_rf/gzll/gcc/gzll_gcc.a(nrf_gzll.o)
                                         0x71 (size before relaxing)
 .comment       0x00000000000000ef       0x71 /home/fengz/Mitosis/nrf_sdk11/components/properitary_rf/gzll/gcc/gzll_gcc.a(nrf_impala.o)
 .comment       0x00000000000000ef       0x71 /home/fengz/Mitosis/nrf_sdk11/components/properitary_rf/gzll/gcc/gzll_gcc.a(nrf_link_core.o)
 .comment       0x00000000000000ef       0x71 /home/fengz/Mitosis/nrf_sdk11/components/properitary_rf/gzll/gcc/gzll_gcc.a(nrf_notification_manager.o)
 .comment       0x00000000000000ef       0x71 /home/fengz/Mitosis/nrf_sdk11/components/properitary_rf/gzll/gcc/gzll_gcc.a(nrf_packet_manager.o)
 .comment       0x00000000000000ef       0x71 /home/fengz/Mitosis/nrf_sdk11/components/properitary_rf/gzll/gcc/gzll_gcc.a(nrf_state_machine.o)
 .comment       0x00000000000000ef       0x71 /home/fengz/Mitosis/nrf_sdk11/components/properitary_rf/gzll/gcc/gzll_gcc.a(nrf_assert_internal.o)
 .comment       0x00000000000000ef       0x71 /home/fengz/Mitosis/nrf_sdk11/components/properitary_rf/gzll/gcc/gzll_gcc.a(nrf_channel_manager.o)
 .comment       0x00000000000000ef       0x71 /home/fengz/Mitosis/nrf_sdk11/components/properitary_rf/gzll/gcc/gzll_gcc.a(nrf_fifo.o)
 .comment       0x00000000000000ef       0x71 /home/fengz/Mitosis/nrf_sdk11/components/properitary_rf/gzll/gcc/gzll_gcc.a(nrf_flywheel.o)

.debug_frame    0x0000000000000000      0x500
 .debug_frame   0x0000000000000000       0x28 /usr/bin/../lib/gcc/arm-none-eabi/6.3.1/../../../../arm-none-eabi/lib/thumb/v6-m/libc_nano.a(lib_a-exit.o)
 .debug_frame   0x0000000000000028       0x2c /usr/bin/../lib/gcc/arm-none-eabi/6.3.1/../../../../arm-none-eabi/lib/thumb/v6-m/libc_nano.a(lib_a-init.o)
 .debug_frame   0x0000000000000054       0x20 /usr/bin/../lib/gcc/arm-none-eabi/6.3.1/../../../../arm-none-eabi/lib/thumb/v6-m/libc_nano.a(lib_a-memset.o)
 .debug_frame   0x0000000000000074       0x20 /usr/bin/../lib/gcc/arm-none-eabi/6.3.1/../../../../arm-none-eabi/lib/thumb/v6-m/libnosys.a(_exit.o)
 .debug_frame   0x0000000000000094       0x30 _build/system_nrf51.o
 .debug_frame   0x00000000000000c4       0xa8 _build/main.o
 .debug_frame   0x000000000000016c       0x5c _build/app_error.o
 .debug_frame   0x00000000000001c8       0x20 _build/app_error_weak.o
 .debug_frame   0x00000000000001e8       0xbc _build/app_fifo.o
 .debug_frame   0x00000000000002a4       0xb4 _build/app_uart_fifo.o
 .debug_frame   0x0000000000000358       0x30 _build/nrf_drv_common.o
 .debug_frame   0x0000000000000388      0x130 _build/nrf_drv_uart.o
 .debug_frame   0x00000000000004b8       0x20 /usr/bin/../lib/gcc/arm-none-eabi/6.3.1/thumb/v6-m/libgcc.a(_udivsi3.o)
 .debug_frame   0x00000000000004d8       0x28 /usr/bin/../lib/gcc/arm-none-eabi/6.3.1/../../../../arm-none-eabi/lib/thumb/v6-m/libc_nano.a(lib_a-memcpy-stub.o)

.debug_info     0x0000000000000000     0x83d1
 .debug_info    0x0000000000000000      0x1e5 _build/system_nrf51.o
 .debug_info    0x00000000000001e5     0x129b _build/main.o
 .debug_info    0x0000000000001480      0xb4e _build/app_error.o
 .debug_info    0x0000000000001fce      0xa12 _build/app_error_weak.o
 .debug_info    0x00000000000029e0      0xe13 _build/app_fifo.o
 .debug_info    0x00000000000037f3     0x128d _build/app_uart_fifo.o
 .debug_info    0x0000000000004a80      0xc44 _build/nrf_drv_common.o
 .debug_info    0x00000000000056c4     0x2d0d _build/nrf_drv_uart.o

.debug_abbrev   0x0000000000000000     0x1570
 .debug_abbrev  0x0000000000000000      0x109 _build/system_nrf51.o
 .debug_abbrev  0x0000000000000109      0x394 _build/main.o
 .debug_abbrev  0x000000000000049d      0x235 _build/app_error.o
 .debug_abbrev  0x00000000000006d2      0x20d _build/app_error_weak.o
 .debug_abbrev  0x00000000000008df      0x28b _build/app_fifo.o
 .debug_abbrev  0x0000000000000b6a      0x2f4 _build/app_uart_fifo.o
 .debug_abbrev  0x0000000000000e5e      0x27c _build/nrf_drv_common.o
 .debug_abbrev  0x00000000000010da      0x496 _build/nrf_drv_uart.o

.debug_aranges  0x0000000000000000      0x1e0
 .debug_aranges
                0x0000000000000000       0x28 _build/system_nrf51.o
 .debug_aranges
                0x0000000000000028       0x40 _build/main.o
 .debug_aranges
                0x0000000000000068       0x30 _build/app_error.o
 .debug_aranges
                0x0000000000000098       0x20 _build/app_error_weak.o
 .debug_aranges
                0x00000000000000b8       0x50 _build/app_fifo.o
 .debug_aranges
                0x0000000000000108       0x48 _build/app_uart_fifo.o
 .debug_aranges
                0x0000000000000150       0x20 _build/nrf_drv_common.o
 .debug_aranges
                0x0000000000000170       0x70 _build/nrf_drv_uart.o

.debug_ranges   0x0000000000000000      0x718
 .debug_ranges  0x0000000000000000       0x68 _build/system_nrf51.o
 .debug_ranges  0x0000000000000068       0x30 _build/main.o
 .debug_ranges  0x0000000000000098       0x20 _build/app_error.o
 .debug_ranges  0x00000000000000b8       0x10 _build/app_error_weak.o
 .debug_ranges  0x00000000000000c8       0xf0 _build/app_fifo.o
 .debug_ranges  0x00000000000001b8       0x88 _build/app_uart_fifo.o
 .debug_ranges  0x0000000000000240       0x28 _build/nrf_drv_common.o
 .debug_ranges  0x0000000000000268      0x4b0 _build/nrf_drv_uart.o

.debug_macro    0x0000000000000000     0xbce6
 .debug_macro   0x0000000000000000       0xdf _build/system_nrf51.o
 .debug_macro   0x00000000000000df      0x8a4 _build/system_nrf51.o
 .debug_macro   0x0000000000000983       0x22 _build/system_nrf51.o
 .debug_macro   0x00000000000009a5       0x87 _build/system_nrf51.o
 .debug_macro   0x0000000000000a2c       0x51 _build/system_nrf51.o
 .debug_macro   0x0000000000000a7d       0xef _build/system_nrf51.o
 .debug_macro   0x0000000000000b6c       0x6a _build/system_nrf51.o
 .debug_macro   0x0000000000000bd6      0x1df _build/system_nrf51.o
 .debug_macro   0x0000000000000db5       0x22 _build/system_nrf51.o
 .debug_macro   0x0000000000000dd7       0x1c _build/system_nrf51.o
 .debug_macro   0x0000000000000df3       0x22 _build/system_nrf51.o
 .debug_macro   0x0000000000000e15       0x3a _build/system_nrf51.o
 .debug_macro   0x0000000000000e4f       0x26 _build/system_nrf51.o
 .debug_macro   0x0000000000000e75      0x30d _build/system_nrf51.o
 .debug_macro   0x0000000000001182      0x1d2 _build/system_nrf51.o
 .debug_macro   0x0000000000001354     0x745a _build/system_nrf51.o
 .debug_macro   0x00000000000087ae      0x976 _build/system_nrf51.o
 .debug_macro   0x0000000000009124       0x1c _build/system_nrf51.o
 .debug_macro   0x0000000000009140      0x355 _build/main.o
 .debug_macro   0x0000000000009495       0x58 _build/main.o
 .debug_macro   0x00000000000094ed       0x35 _build/main.o
 .debug_macro   0x0000000000009522       0x9c _build/main.o
 .debug_macro   0x00000000000095be       0x16 _build/main.o
 .debug_macro   0x00000000000095d4       0x97 _build/main.o
 .debug_macro   0x000000000000966b      0x330 _build/main.o
 .debug_macro   0x000000000000999b       0xf6 _build/main.o
 .debug_macro   0x0000000000009a91       0x10 _build/main.o
 .debug_macro   0x0000000000009aa1       0x58 _build/main.o
 .debug_macro   0x0000000000009af9       0x1f _build/main.o
 .debug_macro   0x0000000000009b18       0x43 _build/main.o
 .debug_macro   0x0000000000009b5b       0x20 _build/main.o
 .debug_macro   0x0000000000009b7b      0x187 _build/main.o
 .debug_macro   0x0000000000009d02       0x10 _build/main.o
 .debug_macro   0x0000000000009d12       0x1c _build/main.o
 .debug_macro   0x0000000000009d2e       0x52 _build/main.o
 .debug_macro   0x0000000000009d80       0x40 _build/main.o
 .debug_macro   0x0000000000009dc0       0x10 _build/main.o
 .debug_macro   0x0000000000009dd0       0x40 _build/main.o
 .debug_macro   0x0000000000009e10       0xd7 _build/main.o
 .debug_macro   0x0000000000009ee7       0x16 _build/main.o
 .debug_macro   0x0000000000009efd      0x18b _build/main.o
 .debug_macro   0x000000000000a088       0x28 _build/main.o
 .debug_macro   0x000000000000a0b0       0x8e _build/main.o
 .debug_macro   0x000000000000a13e       0x70 _build/main.o
 .debug_macro   0x000000000000a1ae      0x11e _build/main.o
 .debug_macro   0x000000000000a2cc       0x4c _build/main.o
 .debug_macro   0x000000000000a318       0x6d _build/main.o
 .debug_macro   0x000000000000a385       0xbb _build/main.o
 .debug_macro   0x000000000000a440       0x2b _build/main.o
 .debug_macro   0x000000000000a46b       0x5b _build/main.o
 .debug_macro   0x000000000000a4c6       0x17 _build/main.o
 .debug_macro   0x000000000000a4dd      0x16a _build/main.o
 .debug_macro   0x000000000000a647      0x150 _build/main.o
 .debug_macro   0x000000000000a797      0x28e _build/app_error.o
 .debug_macro   0x000000000000aa25       0x34 _build/app_error.o
 .debug_macro   0x000000000000aa59       0x67 _build/app_error.o
 .debug_macro   0x000000000000aac0      0x288 _build/app_error_weak.o
 .debug_macro   0x000000000000ad48      0x21b _build/app_fifo.o
 .debug_macro   0x000000000000af63       0x16 _build/app_fifo.o
 .debug_macro   0x000000000000af79      0x10e _build/app_fifo.o
 .debug_macro   0x000000000000b087       0x86 _build/app_fifo.o
 .debug_macro   0x000000000000b10d       0x16 _build/app_fifo.o
 .debug_macro   0x000000000000b123       0x29 _build/app_fifo.o
 .debug_macro   0x000000000000b14c       0x16 _build/app_fifo.o
 .debug_macro   0x000000000000b162       0x35 _build/app_fifo.o
 .debug_macro   0x000000000000b197       0x22 _build/app_fifo.o
 .debug_macro   0x000000000000b1b9       0x37 _build/app_fifo.o
 .debug_macro   0x000000000000b1f0      0x371 _build/app_uart_fifo.o
 .debug_macro   0x000000000000b561      0x2d7 _build/nrf_drv_common.o
 .debug_macro   0x000000000000b838      0x16d _build/nrf_drv_common.o
 .debug_macro   0x000000000000b9a5      0x321 _build/nrf_drv_uart.o
 .debug_macro   0x000000000000bcc6       0x10 _build/nrf_drv_uart.o
 .debug_macro   0x000000000000bcd6       0x10 _build/nrf_drv_uart.o

.debug_line     0x0000000000000000     0x354b
 .debug_line    0x0000000000000000      0x2c7 _build/system_nrf51.o
 .debug_line    0x00000000000002c7      0xa05 _build/main.o
 .debug_line    0x0000000000000ccc      0x4e2 _build/app_error.o
 .debug_line    0x00000000000011ae      0x4a5 _build/app_error_weak.o
 .debug_line    0x0000000000001653      0x59f _build/app_fifo.o
 .debug_line    0x0000000000001bf2      0x7cf _build/app_uart_fifo.o
 .debug_line    0x00000000000023c1      0x5e5 _build/nrf_drv_common.o
 .debug_line    0x00000000000029a6      0xba5 _build/nrf_drv_uart.o

.debug_str      0x0000000000000000    0x37fa9
 .debug_str     0x0000000000000000    0x2f21a _build/system_nrf51.o
                                      0x2f392 (size before relaxing)
 .debug_str     0x000000000002f21a     0x7464 _build/main.o
                                      0x36858 (size before relaxing)
 .debug_str     0x000000000003667e      0x112 _build/app_error.o
                                      0x34b74 (size before relaxing)
 .debug_str     0x0000000000036790       0x86 _build/app_error_weak.o
                                      0x34ab2 (size before relaxing)
 .debug_str     0x0000000000036816      0x58b _build/app_fifo.o
                                      0x337c5 (size before relaxing)
 .debug_str     0x0000000000036da1      0x46b _build/app_uart_fifo.o
                                      0x36133 (size before relaxing)
 .debug_str     0x000000000003720c      0x286 _build/nrf_drv_common.o
                                      0x353e4 (size before relaxing)
 .debug_str     0x0000000000037492      0xb17 _build/nrf_drv_uart.o
                                      0x364b8 (size before relaxing)

.debug_loc      0x0000000000000000     0x1fd2
 .debug_loc     0x0000000000000000      0x111 _build/main.o
 .debug_loc     0x0000000000000111      0x149 _build/app_error.o
 .debug_loc     0x000000000000025a       0x21 _build/app_error_weak.o
 .debug_loc     0x000000000000027b      0x664 _build/app_fifo.o
 .debug_loc     0x00000000000008df      0x38d _build/app_uart_fifo.o
 .debug_loc     0x0000000000000c6c       0xa2 _build/nrf_drv_common.o
 .debug_loc     0x0000000000000d0e     0x12c4 _build/nrf_drv_uart.o
